******************************************************************************
                  TI ARM Linker PC v20.2.7                     
******************************************************************************
>> Linked Fri Aug 23 15:22:38 2024

OUTPUT FILE NAME:   <AUTOSAR_Project.out>
ENTRY POINT SYMBOL: "_c_int00_noargs"  address: 00003f75


MEMORY CONFIGURATION

         name            origin    length      used     unused   attr    fill
----------------------  --------  ---------  --------  --------  ----  --------
  FLASH                 00000000   00040000  00004186  0003be7a  R  X
  SRAM                  20000000   00008000  00000216  00007dea  RW X


SEGMENT ALLOCATION MAP

run origin  load origin   length   init length attrs members
----------  ----------- ---------- ----------- ----- -------
00000000    00000000    00004188   00004188    r-x
  00000000    00000000    0000026c   0000026c    r-- .intvecs
  0000026c    0000026c    00003d9e   00003d9e    r-x .text
  0000400a    0000400a    0000015c   0000015c    r-- .const
  00004168    00004168    00000020   00000020    r-- .cinit
20000000    20000000    00000216   00000000    rw-
  20000000    20000000    00000200   00000000    rw- .stack
  20000200    20000200    00000016   00000000    rw- .data


SECTION ALLOCATION MAP

 output                                  attributes/
section   page    origin      length       input sections
--------  ----  ----------  ----------   ----------------
.intvecs   0    00000000    0000026c     
                  00000000    0000026c     tm4c123gh6pm_startup_ccs.obj (.intvecs)

.text      0    0000026c    00003d9e     
                  0000026c    00003678     Port.obj (.text)
                  000038e4    0000030c     Dio.obj (.text)
                  00003bf0    000000a8     Os.obj (.text)
                  00003c98    0000009c     rtsv7M4_T_le_v4SPD16_eabi.lib : memcpy_t2.asm.obj (.text)
                  00003d34    0000007c     Button.obj (.text)
                  00003db0    0000007c     Gpt.obj (.text)
                  00003e2c    00000068     rtsv7M4_T_le_v4SPD16_eabi.lib : copy_decompress_lzss.c.obj (.text:decompress:lzss:__TI_decompress_lzss)
                  00003e94    0000005c     App.obj (.text)
                  00003ef0    00000044     rtsv7M4_T_le_v4SPD16_eabi.lib : autoinit.c.obj (.text:__TI_auto_init_nobinit_nopinit:__TI_auto_init_nobinit_nopinit)
                  00003f34    0000003e     Led.obj (.text)
                  00003f72    00000002     --HOLE-- [fill = 0]
                  00003f74    00000034     rtsv7M4_T_le_v4SPD16_eabi.lib : boot_cortex_m.c.obj (.text:_c_int00_noargs:_c_int00_noargs)
                  00003fa8    00000020     Mcu.obj (.text)
                  00003fc8    00000016     Det.obj (.text)
                  00003fde    0000000e     rtsv7M4_T_le_v4SPD16_eabi.lib : copy_decompress_none.c.obj (.text:decompress:none:__TI_decompress_none)
                  00003fec    0000000c     tm4c123gh6pm_startup_ccs.obj (.text)
                  00003ff8    0000000a     main.obj (.text)
                  00004002    00000004     rtsv7M4_T_le_v4SPD16_eabi.lib : pre_init.c.obj (.text:_system_pre_init)
                  00004006    00000004                                   : exit.c.obj (.text:abort:abort)

.const     0    0000400a    0000015c     
                  0000400a    00000158     Port_PBcfg.obj (.const:Port_Configuration)
                  00004162    00000004     Dio_PBcfg.obj (.const:Dio_Configuration)

.cinit     0    00004168    00000020     
                  00004168    0000000e     (.cinit..data.load) [load image, compression = lzss]
                  00004176    00000002     --HOLE-- [fill = 0]
                  00004178    00000008     (__TI_handler_table)
                  00004180    00000008     (__TI_cinit_table)

.init_array 
*          0    00000000    00000000     UNINITIALIZED

.data      0    20000200    00000016     UNINITIALIZED
                  20000200    00000005     Dio.obj (.data)
                  20000205    00000003     Button.obj (.data)
                  20000208    00000005     Port.obj (.data)
                  2000020d    00000002     App.obj (.data)
                  2000020f    00000001     --HOLE--
                  20000210    00000004     Gpt.obj (.data)
                  20000214    00000002     Os.obj (.data)

.stack     0    20000000    00000200     UNINITIALIZED
                  20000000    00000004     rtsv7M4_T_le_v4SPD16_eabi.lib : boot_cortex_m.c.obj (.stack)
                  20000004    000001fc     --HOLE--

__llvm_prf_cnts 
*          0    20000000    00000000     UNINITIALIZED

MODULE SUMMARY

       Module                         code    ro data   rw data
       ------                         ----    -------   -------
    .\
       Port.obj                       13944   0         5      
       Dio.obj                        780     0         5      
       tm4c123gh6pm_startup_ccs.obj   12      620       0      
       Port_PBcfg.obj                 0       344       0      
       Os.obj                         168     0         2      
       Gpt.obj                        124     0         4      
       Button.obj                     124     0         3      
       App.obj                        92      0         2      
       Led.obj                        62      0         0      
       Mcu.obj                        32      0         0      
       Det.obj                        22      0         0      
       main.obj                       10      0         0      
       Dio_PBcfg.obj                  0       4         0      
    +--+------------------------------+-------+---------+---------+
       Total:                         15370   968       21     
                                                               
    C:\ti\ccs1271\ccs\tools\compiler\ti-cgt-arm_20.2.7.LTS\lib\rtsv7M4_T_le_v4SPD16_eabi.lib
       memcpy_t2.asm.obj              156     0         0      
       copy_decompress_lzss.c.obj     104     0         0      
       autoinit.c.obj                 68      0         0      
       boot_cortex_m.c.obj            52      0         0      
       copy_decompress_none.c.obj     14      0         0      
       exit.c.obj                     4       0         0      
       pre_init.c.obj                 4       0         0      
    +--+------------------------------+-------+---------+---------+
       Total:                         402     0         0      
                                                               
       Stack:                         0       0         512    
       Linker Generated:              0       30        0      
    +--+------------------------------+-------+---------+---------+
       Grand Total:                   15772   998       533    


LINKER GENERATED COPY TABLES

__TI_cinit_table @ 00004180 records: 1, size/record: 8, table size: 8
	.data: load addr=00004168, load size=0000000e bytes, run addr=20000200, run size=00000016 bytes, compression=lzss


LINKER GENERATED HANDLER TABLE

__TI_handler_table @ 00004178 records: 2, size/record: 4, table size: 8
	index: 0, handler: __TI_decompress_lzss
	index: 1, handler: __TI_decompress_none


GLOBAL SYMBOLS: SORTED ALPHABETICALLY BY Name 

address   name                          
-------   ----                          
00003eb9  App_Task                      
00003d35  Button_GetState               
00003d3b  Button_RefreshState           
00003ea9  Button_Task                   
00004007  C$$EXIT                       
00003fc9  Det_ReportError               
00004162  Dio_Configuration             
00003ac3  Dio_FlipChannel               
000038e5  Dio_Init                      
000039e9  Dio_ReadChannel               
00003909  Dio_WriteChannel              
00003e95  Init_Task                     
00003f4d  Led_RefreshOutput             
00003f41  Led_SetOff                    
00003f35  Led_SetOn                     
00003eb1  Led_Task                      
00003f65  Led_Toggle                    
00003fa9  Mcu_Init                      
00003c0b  Os_NewTimerTick               
00003c1b  Os_Scheduler                  
00003bf1  Os_start                      
0000400a  Port_Configuration            
0000026d  Port_Init                     
00001d7f  Port_RefreshPortDirection     
00001c4f  Port_SetPinDirection          
00001eaf  Port_SetPinMode               
00003fed  ResetISR                      
00003db1  SysTick_Handler               
00003e09  SysTick_SetCallBack           
00003dc1  SysTick_Start                 
00003e01  SysTick_Stop                  
20000200  __STACK_END                   
00000200  __STACK_SIZE                  
20000200  __STACK_TOP                   
00004180  __TI_CINIT_Base               
00004188  __TI_CINIT_Limit              
00004178  __TI_Handler_Table_Base       
00004180  __TI_Handler_Table_Limit      
00003ef1  __TI_auto_init_nobinit_nopinit
00003e2d  __TI_decompress_lzss          
00003fdf  __TI_decompress_none          
ffffffff  __TI_pprof_out_hndl           
ffffffff  __TI_prof_data_size           
ffffffff  __TI_prof_data_start          
00000000  __TI_static_base__            
00003c99  __aeabi_memcpy                
00003c99  __aeabi_memcpy4               
00003c99  __aeabi_memcpy8               
ffffffff  __binit__                     
ffffffff  __c_args__                    
UNDEFED   __mpu_init                    
20000000  __stack                       
20000000  __start___llvm_prf_cnts       
20000000  __stop___llvm_prf_cnts        
00003f75  _c_int00_noargs               
UNDEFED   _system_post_cinit            
00004003  _system_pre_init              
00004007  abort                         
ffffffff  binit                         
00000000  g_pfnVectors                  
00003ff9  main                          
00003c99  memcpy                        


GLOBAL SYMBOLS: SORTED BY Symbol Address 

address   name                          
-------   ----                          
00000000  __TI_static_base__            
00000000  g_pfnVectors                  
00000200  __STACK_SIZE                  
0000026d  Port_Init                     
00001c4f  Port_SetPinDirection          
00001d7f  Port_RefreshPortDirection     
00001eaf  Port_SetPinMode               
000038e5  Dio_Init                      
00003909  Dio_WriteChannel              
000039e9  Dio_ReadChannel               
00003ac3  Dio_FlipChannel               
00003bf1  Os_start                      
00003c0b  Os_NewTimerTick               
00003c1b  Os_Scheduler                  
00003c99  __aeabi_memcpy                
00003c99  __aeabi_memcpy4               
00003c99  __aeabi_memcpy8               
00003c99  memcpy                        
00003d35  Button_GetState               
00003d3b  Button_RefreshState           
00003db1  SysTick_Handler               
00003dc1  SysTick_Start                 
00003e01  SysTick_Stop                  
00003e09  SysTick_SetCallBack           
00003e2d  __TI_decompress_lzss          
00003e95  Init_Task                     
00003ea9  Button_Task                   
00003eb1  Led_Task                      
00003eb9  App_Task                      
00003ef1  __TI_auto_init_nobinit_nopinit
00003f35  Led_SetOn                     
00003f41  Led_SetOff                    
00003f4d  Led_RefreshOutput             
00003f65  Led_Toggle                    
00003f75  _c_int00_noargs               
00003fa9  Mcu_Init                      
00003fc9  Det_ReportError               
00003fdf  __TI_decompress_none          
00003fed  ResetISR                      
00003ff9  main                          
00004003  _system_pre_init              
00004007  C$$EXIT                       
00004007  abort                         
0000400a  Port_Configuration            
00004162  Dio_Configuration             
00004178  __TI_Handler_Table_Base       
00004180  __TI_CINIT_Base               
00004180  __TI_Handler_Table_Limit      
00004188  __TI_CINIT_Limit              
20000000  __stack                       
20000000  __start___llvm_prf_cnts       
20000000  __stop___llvm_prf_cnts        
20000200  __STACK_END                   
20000200  __STACK_TOP                   
ffffffff  __TI_pprof_out_hndl           
ffffffff  __TI_prof_data_size           
ffffffff  __TI_prof_data_start          
ffffffff  __binit__                     
ffffffff  __c_args__                    
ffffffff  binit                         
UNDEFED   __mpu_init                    
UNDEFED   _system_post_cinit            

[62 symbols]
